node.exe : FAIL src/modules/user/application/use-
cases/create-user.use-case.spec.ts
At C:\Program Files\nodejs\npx.ps1:29 char:3
+   & $NODE_EXE $NPX_CLI_JS $args
+   ~~~~~~~~~~~~~~~~~~~~~~~~~~~~~
    + CategoryInfo          : NotSpecified: (FAI 
   L src/module...se-case.spec.ts:String) [], R  
  emoteException
    + FullyQualifiedErrorId : NativeCommandError
 
  CreateUserUseCase
    ├ù should create a user successfully and 
emit UserCreatedEvent (24 ms)
    ├ù should throw ConflictException if email 
already exists (16 ms)

  ΓùÅ CreateUserUseCase ΓÇ║ should create a user 
successfully and emit UserCreatedEvent

    Jest encountered an unexpected token

    Jest failed to parse a file. This happens 
e.g. when your code or its dependencies use 
non-standard JavaScript syntax, or when Jest is 
not configured to support such syntax.

    Out of the box Jest supports Babel, which 
will be used to transform your files into valid 
JS based on your Babel configuration.

    By default "node_modules" folder is ignored 
by transformers.

    Here's what you can do:
     ΓÇó If you are trying to use ECMAScript 
Modules, see 
https://jestjs.io/docs/ecmascript-modules for 
how to enable it.
     ΓÇó If you are trying to use TypeScript, 
see https://jestjs.io/docs/getting-started#using-
typescript
     ΓÇó To have some of your "node_modules" 
files transformed, you can specify a custom 
"transformIgnorePatterns" in your config.
     ΓÇó If you need a custom transformation, 
specify a "transform" option in your config.
     ΓÇó If you simply want to mock your non-JS 
modules (e.g. binary assets) you can stub them 
out with the "moduleNameMapper" config option.

    You'll find more details and examples of 
these config options in the docs:
    https://jestjs.io/docs/configuration
    For information about custom 
transformations, see:
    https://jestjs.io/docs/code-transformation

    Details:

    C:\Users\Admin\Desktop\code_base\nest_codebas
e\node_modules\uuid\dist-node\index.js:1
    export { default as MAX } from './max.js';
    ^^^^^^

    SyntaxError: Unexpected token 'export'

    [0m [90m 21 |[39m     }
     [90m 22 |[39m
    [31m[1m>[22m[39m[90m 23 |[39m     
[36mconst[39m { v4[33m:[39m uuidv4 } 
[33m=[39m [36mawait[39m 
[36mimport[39m([32m'uuid'[39m)[33m;[39m
     [90m    |[39m                            
[31m[1m^[22m[39m
     [90m 24 |[39m     [36mconst[39m argon2 
[33m=[39m [36mawait[39m 
[36mimport[39m([32m'argon2'[39m)[33m;[39m
     [90m 25 |[39m     
     [90m 26 |[39m     [36mconst[39m 
passwordHash [33m=[39m [36mawait[39m argon2[
33m.[39mhash(dto[33m.[39mpassword)[33m;[39m
[0m

      at Runtime.createScriptFromCode (../node_mo
dules/jest-runtime/build/index.js:1314:40)
      at modules/user/application/use-cases/creat
e-user.use-case.ts:23:28
      at CreateUserUseCase.execute (modules/user/
application/use-cases/create-user.use-case.ts:23:
28)
      at Object.<anonymous> (modules/user/applica
tion/use-cases/create-user.use-case.spec.ts:50:20
)

  ΓùÅ CreateUserUseCase ΓÇ║ should throw 
ConflictException if email already exists

    expect(received).rejects.toThrow(expected)

    Expected constructor: ConflictError
    Received constructor: SyntaxError

    Received message: "Unexpected token 'export'"

        [0m [90m 21 |[39m     }
         [90m 22 |[39m
        [31m[1m>[22m[39m[90m 23 |[39m     
[36mconst[39m { v4[33m:[39m uuidv4 } 
[33m=[39m [36mawait[39m 
[36mimport[39m([32m'uuid'[39m)[33m;[39m
         [90m    |[39m                         
   [31m[1m^[22m[39m
         [90m 24 |[39m     [36mconst[39m 
argon2 [33m=[39m [36mawait[39m 
[36mimport[39m([32m'argon2'[39m)[33m;[39m
         [90m 25 |[39m     
         [90m 26 |[39m     [36mconst[39m 
passwordHash [33m=[39m [36mawait[39m argon2[
33m.[39mhash(dto[33m.[39mpassword)[33m;[39m
[0m

      at Runtime.createScriptFromCode (../node_mo
dules/jest-runtime/build/index.js:1314:40)
      at modules/user/application/use-cases/creat
e-user.use-case.ts:23:28
      at CreateUserUseCase.execute (modules/user/
application/use-cases/create-user.use-case.ts:23:
28)
      at Object.<anonymous> (modules/user/applica
tion/use-cases/create-user.use-case.spec.ts:74:5)
      at Object.toThrow 
(../node_modules/expect/build/index.js:2155:20)
      at Object.<anonymous> (modules/user/applica
tion/use-cases/create-user.use-case.spec.ts:74:48
)

Test Suites: 1 failed, 1 total
Tests:       2 failed, 2 total
Snapshots:   0 total
Time:        1.641 s
Ran all test suites matching src/modules/user/app
lication/use-cases/create-user.use-case.spec.ts.
